// Jest Snapshot v1, https://goo.gl/fbAQLP

exports[`renders product card 1`] = `"<div class=\\"container\\"><img class=\\"image\\" src=\\"http://...\\" alt=\\"amiibo\\"/><div class=\\"product\\"><div class=\\"name\\">Name</div><div class=\\"type\\">Type</div><div class=\\"price\\">$ 1000</div><button class=\\"button\\">product.addToCart</button></div></div>"`;
