// Jest Snapshot v1, https://goo.gl/fbAQLP

exports[`renders all products 1`] = `"<div class=\\"container\\"><div class=\\"shoppingCart\\"><div class=\\"item\\"><span><div class=\\"name\\">First Amiibo</div><div class=\\"quantity\\">$10000 x 1</div></span><span><button class=\\"editButton\\">shoppingCart.add</button><button class=\\"editButton\\">shoppingCart.subtract</button></span></div><div class=\\"item\\"><span><div class=\\"name\\">Second Amiibo</div><div class=\\"quantity\\">$20000 x 10</div></span><span><button class=\\"editButton\\">shoppingCart.add</button><button class=\\"editButton\\">shoppingCart.subtract</button></span></div><div class=\\"totalContainer\\"><span class=\\"total\\">shoppingCart.total</span><span class=\\"total\\">$ 210000</span></div></div></div>"`;
